// Jest Snapshot v1, https://goo.gl/fbAQLP

exports[`PopUpTextField Page renders correctly 1`] = `
<div
  className="MuiFormControl-root MuiFormControl-fullWidth MuiTextField-root css-wb57ya-MuiFormControl-root-MuiTextField-root"
>
  <div
    className="MuiInputBase-root MuiOutlinedInput-root MuiInputBase-colorPrimary MuiInputBase-fullWidth MuiInputBase-formControl css-md26zr-MuiInputBase-root-MuiOutlinedInput-root"
    onClick={[Function]}
  >
    <input
      aria-invalid={false}
      autoFocus={false}
      className="MuiInputBase-input MuiOutlinedInput-input css-1t8l2tu-MuiInputBase-input-MuiOutlinedInput-input"
      defaultValue=""
      disabled={false}
      id=":r0:"
      onAnimationStart={[Function]}
      onBlur={[Function]}
      onChange={[Function]}
      onFocus={[Function]}
      required={false}
      type="text"
    />
    <fieldset
      aria-hidden={true}
      className="MuiOutlinedInput-notchedOutline css-1d3z3hw-MuiOutlinedInput-notchedOutline"
    >
      <legend
        className="css-ihdtdm"
      >
        <span
          className="notranslate"
        >
          â€‹
        </span>
      </legend>
    </fieldset>
  </div>
</div>
`;
