// Jest Snapshot v1, https://goo.gl/fbAQLP

exports[`ActivityFeed Component ActivityFeed renders correctly 1`] = `
<div
  className="MuiGrid-root css-1cvuazx-MuiGrid-root"
>
  <div
    className="MuiPaper-root MuiPaper-elevation MuiPaper-rounded MuiPaper-elevation1 MuiCard-root css-bhp9pd-MuiPaper-root-MuiCard-root"
  >
    <div
      className="MuiCardHeader-root css-185gdzj-MuiCardHeader-root"
    >
      <div
        className="MuiCardHeader-avatar css-1ssile9-MuiCardHeader-avatar"
      >
        <div
          className="MuiAvatar-root MuiAvatar-circular css-1wlk0hk-MuiAvatar-root"
        >
          <img
            className="MuiAvatar-img css-1pqm26d-MuiAvatar-img"
            src="http://loremflickr.com/640/480/technics"
          />
        </div>
      </div>
      <div
        className="MuiCardHeader-content css-1qbkelo-MuiCardHeader-content"
      />
    </div>
    <img
      alt="Post Picture"
      className="MuiCardMedia-root MuiCardMedia-media MuiCardMedia-img css-o69gx8-MuiCardMedia-root"
      data-testid="test-img"
      height="300px"
      src="https://user-images.githubusercontent.com/93358071/191072941-5fc4a59a-49d0-4b18-80f9-573e38984fa8.jpeg"
    />
    <div
      className="MuiCardContent-root css-46bh2p-MuiCardContent-root"
      data-testid="caption"
    >
      Cum consectetur et. At quia sed non accusantium saepe qui cum. Sed est asperiores qui.
    </div>
    <div
      className="MuiCardActions-root css-1rwjz6-MuiCardActions-root"
    >
      <button
        aria-label="like"
        className="MuiButtonBase-root MuiIconButton-root MuiIconButton-sizeMedium css-78trlr-MuiButtonBase-root-MuiIconButton-root"
        disabled={false}
        onBlur={[Function]}
        onClick={[Function]}
        onContextMenu={[Function]}
        onDragLeave={[Function]}
        onFocus={[Function]}
        onKeyDown={[Function]}
        onKeyUp={[Function]}
        onMouseDown={[Function]}
        onMouseLeave={[Function]}
        onMouseUp={[Function]}
        onTouchEnd={[Function]}
        onTouchMove={[Function]}
        onTouchStart={[Function]}
        tabIndex={0}
        type="button"
      >
        <svg
          aria-hidden={true}
          className="MuiSvgIcon-root MuiSvgIcon-fontSizeMedium css-i4bv87-MuiSvgIcon-root"
          data-testid="FavoriteIcon"
          focusable="false"
          style={
            {
              "color": "grey",
            }
          }
          viewBox="0 0 24 24"
        >
          <path
            d="m12 21.35-1.45-1.32C5.4 15.36 2 12.28 2 8.5 2 5.42 4.42 3 7.5 3c1.74 0 3.41.81 4.5 2.09C13.09 3.81 14.76 3 16.5 3 19.58 3 22 5.42 22 8.5c0 3.78-3.4 6.86-8.55 11.54L12 21.35z"
          />
        </svg>
      </button>
      <button
        aria-label="comment"
        className="MuiButtonBase-root MuiIconButton-root MuiIconButton-sizeMedium css-78trlr-MuiButtonBase-root-MuiIconButton-root"
        data-testid="write-test"
        disabled={false}
        onBlur={[Function]}
        onClick={[Function]}
        onContextMenu={[Function]}
        onDragLeave={[Function]}
        onFocus={[Function]}
        onKeyDown={[Function]}
        onKeyUp={[Function]}
        onMouseDown={[Function]}
        onMouseLeave={[Function]}
        onMouseUp={[Function]}
        onTouchEnd={[Function]}
        onTouchMove={[Function]}
        onTouchStart={[Function]}
        tabIndex={0}
        type="button"
      >
        <svg
          aria-hidden={true}
          className="MuiSvgIcon-root MuiSvgIcon-fontSizeMedium css-i4bv87-MuiSvgIcon-root"
          data-testid="ChatBubbleOutlineRoundedIcon"
          focusable="false"
          viewBox="0 0 24 24"
        >
          <path
            d="M20 4v12H5.17L4 17.17V4h16m0-2H4c-1.1 0-2 .9-2 2v15.59c0 .89 1.08 1.34 1.71.71L6 18h14c1.1 0 2-.9 2-2V4c0-1.1-.9-2-2-2z"
          />
        </svg>
      </button>
      <button
        aria-label="hide"
        className="MuiButtonBase-root MuiIconButton-root MuiIconButton-sizeMedium css-78trlr-MuiButtonBase-root-MuiIconButton-root"
        data-testid="hide-test"
        disabled={false}
        onBlur={[Function]}
        onClick={[Function]}
        onContextMenu={[Function]}
        onDragLeave={[Function]}
        onFocus={[Function]}
        onKeyDown={[Function]}
        onKeyUp={[Function]}
        onMouseDown={[Function]}
        onMouseLeave={[Function]}
        onMouseUp={[Function]}
        onTouchEnd={[Function]}
        onTouchMove={[Function]}
        onTouchStart={[Function]}
        tabIndex={0}
        type="button"
      >
        <svg
          aria-hidden={true}
          className="MuiSvgIcon-root MuiSvgIcon-fontSizeMedium css-i4bv87-MuiSvgIcon-root"
          data-testid="VisibilityOffIcon"
          focusable="false"
          viewBox="0 0 24 24"
        >
          <path
            d="M12 7c2.76 0 5 2.24 5 5 0 .65-.13 1.26-.36 1.83l2.92 2.92c1.51-1.26 2.7-2.89 3.43-4.75-1.73-4.39-6-7.5-11-7.5-1.4 0-2.74.25-3.98.7l2.16 2.16C10.74 7.13 11.35 7 12 7zM2 4.27l2.28 2.28.46.46C3.08 8.3 1.78 10.02 1 12c1.73 4.39 6 7.5 11 7.5 1.55 0 3.03-.3 4.38-.84l.42.42L19.73 22 21 20.73 3.27 3 2 4.27zM7.53 9.8l1.55 1.55c-.05.21-.08.43-.08.65 0 1.66 1.34 3 3 3 .22 0 .44-.03.65-.08l1.55 1.55c-.67.33-1.41.53-2.2.53-2.76 0-5-2.24-5-5 0-.79.2-1.53.53-2.2zm4.31-.78 3.15 3.15.02-.16c0-1.66-1.34-3-3-3l-.17.01z"
          />
        </svg>
      </button>
    </div>
  </div>
</div>
`;
