// Jest Snapshot v1, https://goo.gl/fbAQLP

exports[`Comment component renders correctly Comment renders correctly 1`] = `
<div
  className="MuiGrid-root MuiGrid-container css-yto8eg-MuiGrid-root"
>
  <div
    className="MuiGrid-root MuiGrid-container MuiGrid-item css-19hkhe-MuiGrid-root"
  >
    <div
      className="MuiGrid-root MuiGrid-item css-13i4rnv-MuiGrid-root"
    >
      <div
        className="MuiAvatar-root MuiAvatar-circular css-1wlk0hk-MuiAvatar-root"
      >
        <img
          alt="Thomas"
          className="MuiAvatar-img css-1pqm26d-MuiAvatar-img"
          src="https://www.freepik.com/free-photo/portrait-cheerful-caucasian-man_2753777.htm#query=portrait&position=2&from_view=keyword"
        />
      </div>
    </div>
    <div
      className="MuiGrid-root MuiGrid-item css-1629zra-MuiGrid-root"
    >
      <h6
        className="MuiTypography-root MuiTypography-subtitle1 css-10wpov9-MuiTypography-root"
        data-testid="test-name"
      >
        Thomas
      </h6>
    </div>
    <div
      className="MuiGrid-root MuiGrid-item css-17apry7-MuiGrid-root"
    >
      <p
        className="MuiTypography-root MuiTypography-body1 css-1d9ye53-MuiTypography-root"
      >
        1/20/1970
      </p>
    </div>
  </div>
  <div
    className="MuiGrid-root MuiGrid-item css-xutcuh-MuiGrid-root"
  >
    <p
      className="MuiTypography-root MuiTypography-body1 css-ahj2mt-MuiTypography-root"
    >
      Lorem ipsum dolor sit amet, consectetur adipiscing elit. Donec ultrices luctus tortor, in ultrices velit elementum sit amet. Lorem ipsum dolor sit amet, consectetur adipiscing elit.
    </p>
  </div>
</div>
`;
