// Jest Snapshot v1, https://goo.gl/fbAQLP

exports[`CustomInput component renders correctly customInput match snapshots 1`] = `
<div
  className="MuiGrid-root MuiGrid-container css-11lq3yg-MuiGrid-root"
  flex-direction="row"
>
  <div
    className="MuiGrid-root MuiGrid-item css-1mum6ye-MuiGrid-root"
  >
    <div
      className="MuiFormControl-root MuiFormControl-fullWidth MuiTextField-root css-wb57ya-MuiFormControl-root-MuiTextField-root"
    >
      <div
        className="MuiInputBase-root MuiOutlinedInput-root MuiInputBase-colorPrimary MuiInputBase-fullWidth MuiInputBase-formControl css-md26zr-MuiInputBase-root-MuiOutlinedInput-root"
        onClick={[Function]}
      >
        <input
          aria-invalid={false}
          autoFocus={false}
          className="MuiInputBase-input MuiOutlinedInput-input css-1t8l2tu-MuiInputBase-input-MuiOutlinedInput-input"
          disabled={false}
          id=":r0:"
          onAnimationStart={[Function]}
          onBlur={[Function]}
          onChange={[Function]}
          onFocus={[Function]}
          required={false}
          type="text"
        />
        <fieldset
          aria-hidden={true}
          className="MuiOutlinedInput-notchedOutline css-1d3z3hw-MuiOutlinedInput-notchedOutline"
        >
          <legend
            className="css-ihdtdm"
          >
            <span
              className="notranslate"
            >
              â€‹
            </span>
          </legend>
        </fieldset>
      </div>
    </div>
  </div>
  <div
    className="MuiGrid-root MuiGrid-container MuiGrid-item css-1shgmd9-MuiGrid-root"
  >
    <div
      className="MuiGrid-root css-6ienvx-MuiGrid-root"
    >
      <button
        className="MuiButtonBase-root MuiButton-root MuiButton-text MuiButton-textPrimary MuiButton-sizeMedium MuiButton-textSizeMedium Mui-disabled MuiButton-root MuiButton-text MuiButton-textPrimary MuiButton-sizeMedium MuiButton-textSizeMedium css-1fxqi4r-MuiButtonBase-root-MuiButton-root"
        data-testid="confirm-btn"
        disabled={true}
        onBlur={[Function]}
        onClick={[Function]}
        onContextMenu={[Function]}
        onDragLeave={[Function]}
        onFocus={[Function]}
        onKeyDown={[Function]}
        onKeyUp={[Function]}
        onMouseDown={[Function]}
        onMouseLeave={[Function]}
        onMouseUp={[Function]}
        onTouchEnd={[Function]}
        onTouchMove={[Function]}
        onTouchStart={[Function]}
        tabIndex={-1}
        type="button"
      >
        Confirm
      </button>
    </div>
    <div
      className="MuiGrid-root css-vj1n65-MuiGrid-root"
    >
      <button
        className="MuiButtonBase-root MuiButton-root MuiButton-text MuiButton-textPrimary MuiButton-sizeMedium MuiButton-textSizeMedium MuiButton-root MuiButton-text MuiButton-textPrimary MuiButton-sizeMedium MuiButton-textSizeMedium css-120lcjt-MuiButtonBase-root-MuiButton-root"
        data-testid="cancel-btn"
        disabled={false}
        onBlur={[Function]}
        onContextMenu={[Function]}
        onDragLeave={[Function]}
        onFocus={[Function]}
        onKeyDown={[Function]}
        onKeyUp={[Function]}
        onMouseDown={[Function]}
        onMouseLeave={[Function]}
        onMouseUp={[Function]}
        onTouchEnd={[Function]}
        onTouchMove={[Function]}
        onTouchStart={[Function]}
        tabIndex={0}
        type="button"
      >
        Cancel
      </button>
    </div>
  </div>
</div>
`;
