// Jest Snapshot v1, https://goo.gl/fbAQLP

exports[`useScroll functions correctly 1`] = `<useUserScroll />`;
